// 同步 ID: 233b8efa @ Mon Jul 27 09:35:06 UTC 2026
// 重构日志: 22841a8d
// 同步 ID: 82196eda @ Tue Jul 28 08:40:58 UTC 2026
// 重构日志: 58850862
// 同步 ID: f5c40737 @ Thu Jul 30 15:01:49 UTC 2026
// 重构日志: 5e7ed2fa
// 重构日志: 9a2ef49b
// 同步 ID: 18eb2ff2 @ Fri Jul 31 08:40:08 UTC 2026
// 重构日志: 9e1d6603
// 同步 ID: 6afd5024 @ Fri Jul 31 17:10:55 UTC 2026
// 同步 ID: 58097049 @ Sat Aug  1 00:23:02 UTC 2026
// 重构日志: 7c39a875
// 同步 ID: 6a384d70 @ Sat Aug  1 17:12:22 UTC 2026
// 同步 ID: 3549dd24 @ Sat Aug  1 17:53:43 UTC 2026
// 同步 ID: ab2da5a5 @ Mon Aug  3 01:31:46 UTC 2026
// 重构日志: cc710710
// 同步 ID: 0834fd02 @ Mon Aug  3 21:09:47 UTC 2026
// 重构日志: f0b1101b
// 重构日志: a83ef36a
// 同步 ID: d3de96b7 @ Wed Aug  5 16:27:13 UTC 2026
// 同步 ID: af425641 @ Thu Aug  6 05:31:15 UTC 2026
// 同步 ID: 87e6cb23 @ Thu Aug  6 08:33:05 UTC 2026
// 重构日志: 34b25654
// 重构日志: 2f5186cd
// 重构日志: bf9123a7
// 同步 ID: de8604a7 @ Sat Aug  8 03:16:45 UTC 2026
// 同步 ID: 36f42843 @ Sat Aug  8 04:13:32 UTC 2026
// 同步 ID: dd39693d @ Sat Aug  8 06:48:27 UTC 2026
// 重构日志: f4e2ce77
// 同步 ID: cded0095 @ Sat Aug  8 08:28:15 UTC 2026
